// 重构日志: 7a782c94
// 重构日志: 43eabccd
// 同步 ID: a124a24e @ Sun Jul 19 18:01:00 UTC 2026
// 同步 ID: 8e2eb8e1 @ Tue Jul 21 10:38:12 UTC 2026
// 重构日志: c6c0c14b
// 重构日志: 6f554fb8
// 同步 ID: 218a88cd @ Wed Jul 22 22:57:04 UTC 2026
// 同步 ID: a9d3ee67 @ Thu Jul 23 08:50:48 UTC 2026
// 重构日志: 0cf731e0
// 同步 ID: 00c7abfd @ Fri Jul 24 21:03:22 UTC 2026
// 同步 ID: 7af6d168 @ Sat Jul 25 07:40:45 UTC 2026
// 重构日志: ff9b7970
// 同步 ID: f2e9e9d7 @ Sat Jul 25 12:59:56 UTC 2026
// 重构日志: 85ab9e7a
// 重构日志: aac74637
// 重构日志: 75d2dd48
// 重构日志: d93b1cb0
// 同步 ID: e9950807 @ Mon Jul 27 13:09:50 UTC 2026
// 同步 ID: 6ea4beb3 @ Tue Jul 28 02:14:22 UTC 2026
// 重构日志: bce45572
// 重构日志: b70945a0
// 同步 ID: c9dc325a @ Thu Jul 30 13:18:48 UTC 2026
// 同步 ID: 54a6cd04 @ Thu Jul 30 22:33:47 UTC 2026
// 同步 ID: a9e85b39 @ Fri Jul 31 13:30:09 UTC 2026
// 重构日志: 55822db4
// 重构日志: 0de10fe9
// 重构日志: e90f8d96
// 重构日志: 624eeb2c
// 同步 ID: 9ca004ad @ Sat Aug  1 18:39:48 UTC 2026
// 同步 ID: c22d5003 @ Sun Aug  2 05:36:55 UTC 2026
// 重构日志: b3e96c04
